Copyright 1986-2022 Xilinx, Inc. All Rights Reserved. Copyright 2022-2025 Advanced Micro Devices, Inc. All Rights Reserved.
-------------------------------------------------------------------------------------------------------------------------------------------------------------------------------------------------------------------------------------------------------------------------------------------------------------------------------------------------------------------------------------
| Tool Version      : Vivado v.2025.2 (lin64) Build 6299465 Fri Nov 14 12:34:56 MST 2025
| Date              : Sat Oct  3 19:28:12 2026
| Host              : beast running 64-bit Ubuntu 25.10
| Command           : report_timing -to [get_pins -quiet -hier -filter {NAME == "subsystem/frost_processor/cpu_and_memory_subsystem/cpu_inst/pd_stage_inst/o_from_pd_to_id_reg[instruction][source_reg_2][2]/D"}] -delay_type max -max_paths 5 -nworst 5 -file /home/adam-bagley/frost_tooling_update/bugfix_handoff/timing_2026-10-03/mux_fast_input/verification/sideband_path.rpt
| Design            : x3_frost
| Device            : xcux35-vsva1365
| Speed File        : -3  PRODUCTION 1.34 01-25-2022
| Design State      : Fully Placed
| Temperature Grade : E
-------------------------------------------------------------------------------------------------------------------------------------------------------------------------------------------------------------------------------------------------------------------------------------------------------------------------------------------------------------------------------------

Timing Report

Slack (VIOLATED) :        -0.165ns  (required time - arrival time)
  Source:                 subsystem/frost_processor/cpu_and_memory_subsystem/instruction_memory/memory_even_sideband_reg_9/CLKBWRCLK
                            (rising edge-triggered cell RAMB36E2 clocked by clock_from_mmcm  {rise@0.000ns fall@1.551ns period=3.103ns})
  Destination:            subsystem/frost_processor/cpu_and_memory_subsystem/cpu_inst/pd_stage_inst/o_from_pd_to_id_reg[instruction][source_reg_2][2]/D
                            (rising edge-triggered cell FDRE clocked by clock_from_mmcm  {rise@0.000ns fall@1.551ns period=3.103ns})
  Path Group:             clock_from_mmcm
  Path Type:              Setup (Max at Slow Process Corner)
  Requirement:            3.103ns  (clock_from_mmcm rise@3.103ns - clock_from_mmcm rise@0.000ns)
  Data Path Delay:        2.944ns  (logic 1.129ns (38.349%)  route 1.815ns (61.651%))
  Logic Levels:           4  (LUT3=1 LUT5=1 LUT6=2)
  Clock Path Skew:        -0.301ns (DCD - SCD + CPR)
    Destination Clock Delay (DCD):    2.744ns = ( 5.847 - 3.103 )
    Source Clock Delay      (SCD):    3.188ns
    Clock Pessimism Removal (CPR):    0.143ns
  Clock Uncertainty:      0.046ns  ((TSJ^2 + DJ^2)^1/2) / 2 + PE + UU
    Total System Jitter     (TSJ):    0.071ns
    Discrete Jitter          (DJ):    0.060ns
    Phase Error              (PE):    0.000ns
    User Uncertainty         (UU):    0.000ns
  Clock Net Delay (Source):      2.993ns (routing 1.274ns, distribution 1.719ns)
  Clock Net Delay (Destination): 2.569ns (routing 1.166ns, distribution 1.403ns)

    Pin Reuse     Location             Delay type                Incr(ns)  Path(ns)    Netlist Resource(s)
  ---------------------------------------------------------------------------------    -------------------
                                       (clock clock_from_mmcm rise edge)
                                                                    0.000     0.000 r
                  GTYE4_CHANNEL_X0Y29  GTYE4_CHANNEL                0.000     0.000 r  gen_gty_cpu_clock.cpu_clock_source/u_wiz/inst/gen_gtwizard_gtye4_top.x3_cpu_clock_gty_wiz_gtwizard_gtye4_inst/gen_gtwizard_gtye4.gen_channel_container[7].gen_enabled_channel.gtye4_channel_wrapper_inst/channel_inst/gtye4_channel_gen.gen_gtye4_channel_inst[0].GTYE4_CHANNEL_PRIM_INST/TXOUTCLK
                                       net (fo=4, estimated)        0.081     0.081    gen_gty_cpu_clock.cpu_clock_source/txoutclk
                  BUFG_GT_X0Y184                                                    r  gen_gty_cpu_clock.cpu_clock_source/gen_cpu_clocks.cpu_clock_buffer/I
                  BUFG_GT_X0Y184       BUFG_GT (Prop_BUFG_GT_I_O)
                                                                    0.114     0.195 r  gen_gty_cpu_clock.cpu_clock_source/gen_cpu_clocks.cpu_clock_buffer/O
                  X1Y9 (CLOCK_ROOT)    net (fo=82379, estimated)    2.993     3.188    subsystem/frost_processor/cpu_and_memory_subsystem/instruction_memory/o_clk
                  RAMB36_X1Y89         RAMB36E2                                     r  subsystem/frost_processor/cpu_and_memory_subsystem/instruction_memory/memory_even_sideband_reg_9/CLKBWRCLK
  ---------------------------------------------------------------------------------    -------------------
    Placement     RAMB36_X1Y89         RAMB36E2 (Prop_RAMB36E2_RAMB36_CLKBWRCLK_DOUTBDOUT[0])
                                                                    0.895     4.083 r  subsystem/frost_processor/cpu_and_memory_subsystem/instruction_memory/memory_even_sideband_reg_9/DOUTBDOUT[0]
                                       net (fo=2, estimated)        0.783     4.866    subsystem/frost_processor/cpu_and_memory_subsystem/instruction_memory/even_sideband_with_fast_metadata[18]
    Moved         SLICE_X22Y497                                                     r  subsystem/frost_processor/cpu_and_memory_subsystem/instruction_memory/bits24_20_predecoded_2_saved[2]_i_5/I1
    Moved         SLICE_X22Y497        LUT5 (Prop_A6LUT_SLICEL_I1_O)
                                                                    0.031     4.897 r  subsystem/frost_processor/cpu_and_memory_subsystem/instruction_memory/bits24_20_predecoded_2_saved[2]_i_5/O
                                       net (fo=2, estimated)        0.346     5.243    subsystem/frost_processor/cpu_and_memory_subsystem/cpu_inst/if_stage_inst/c_ext_state_inst/instruction_sideband[53]
    Placement     SLICE_X21Y524                                                     r  subsystem/frost_processor/cpu_and_memory_subsystem/cpu_inst/if_stage_inst/c_ext_state_inst/bits24_20_predecoded_saved[2]_i_4/I3
    Placement     SLICE_X21Y524        LUT6 (Prop_D6LUT_SLICEL_I3_O)
                                                                    0.089     5.332 r  subsystem/frost_processor/cpu_and_memory_subsystem/cpu_inst/if_stage_inst/c_ext_state_inst/bits24_20_predecoded_saved[2]_i_4/O
                                       net (fo=1, estimated)        0.245     5.577    subsystem/frost_processor/cpu_and_memory_subsystem/cpu_inst/if_stage_inst/c_ext_state_inst/bits24_20_predecoded_saved[2]_i_4_n_0
    Placement     SLICE_X25Y524                                                     r  subsystem/frost_processor/cpu_and_memory_subsystem/cpu_inst/if_stage_inst/c_ext_state_inst/bits24_20_predecoded_saved[2]_i_1/I5
    Placement     SLICE_X25Y524        LUT6 (Prop_H6LUT_SLICEL_I5_O)
                                                                    0.082     5.659 r  subsystem/frost_processor/cpu_and_memory_subsystem/cpu_inst/if_stage_inst/c_ext_state_inst/bits24_20_predecoded_saved[2]_i_1/O
                                       net (fo=2, estimated)        0.392     6.051    subsystem/frost_processor/cpu_and_memory_subsystem/cpu_inst/if_stage_inst/c_ext_state_inst/o_pc_reg_reg[1]_0[1]
    Placement     SLICE_X50Y524                                                     r  subsystem/frost_processor/cpu_and_memory_subsystem/cpu_inst/if_stage_inst/c_ext_state_inst/o_from_pd_to_id_reg[instruction][source_2][2]_i_1/I2
    Routing       SLICE_X50Y524        LUT3 (Prop_D6LUT_SLICEL_I2_O)
                                                                    0.032     6.083 r  subsystem/frost_processor/cpu_and_memory_subsystem/cpu_inst/if_stage_inst/c_ext_state_inst/o_from_pd_to_id_reg[instruction][source_2][2]_i_1/O
                                       net (fo=1, routed)           0.049     6.132    subsystem/frost_processor/cpu_and_memory_subsystem/cpu_inst/pd_stage_inst/o_from_pd_to_id_reg[instruction][source_reg_2][4]_3[2]
    Routing       SLICE_X50Y524        FDRE                                         r  subsystem/frost_processor/cpu_and_memory_subsystem/cpu_inst/pd_stage_inst/o_from_pd_to_id_reg[instruction][source_reg_2][2]/D
  ---------------------------------------------------------------------------------    -------------------

                                       (clock clock_from_mmcm rise edge)
                                                                    3.103     3.103 r
                  GTYE4_CHANNEL_X0Y29  GTYE4_CHANNEL                0.000     3.103 r  gen_gty_cpu_clock.cpu_clock_source/u_wiz/inst/gen_gtwizard_gtye4_top.x3_cpu_clock_gty_wiz_gtwizard_gtye4_inst/gen_gtwizard_gtye4.gen_channel_container[7].gen_enabled_channel.gtye4_channel_wrapper_inst/channel_inst/gtye4_channel_gen.gen_gtye4_channel_inst[0].GTYE4_CHANNEL_PRIM_INST/TXOUTCLK
                                       net (fo=4, estimated)        0.074     3.177    gen_gty_cpu_clock.cpu_clock_source/txoutclk
                  BUFG_GT_X0Y184                                                    r  gen_gty_cpu_clock.cpu_clock_source/gen_cpu_clocks.cpu_clock_buffer/I
                  BUFG_GT_X0Y184       BUFG_GT (Prop_BUFG_GT_I_O)
                                                                    0.101     3.278 r  gen_gty_cpu_clock.cpu_clock_source/gen_cpu_clocks.cpu_clock_buffer/O
                  X1Y9 (CLOCK_ROOT)    net (fo=82379, estimated)    2.569     5.847    subsystem/frost_processor/cpu_and_memory_subsystem/cpu_inst/pd_stage_inst/o_clk
                  SLICE_X50Y524        FDRE                                         r  subsystem/frost_processor/cpu_and_memory_subsystem/cpu_inst/pd_stage_inst/o_from_pd_to_id_reg[instruction][source_reg_2][2]/C
                                       clock pessimism              0.143     5.990
                                       clock uncertainty           -0.046     5.944
                  SLICE_X50Y524        FDRE (Setup_DFF_SLICEL_C_D)
                                                                    0.023     5.967    subsystem/frost_processor/cpu_and_memory_subsystem/cpu_inst/pd_stage_inst/o_from_pd_to_id_reg[instruction][source_reg_2][2]
  ---------------------------------------------------------------------------------
                                       required time                          5.967
                                       arrival time                          -6.132
  ---------------------------------------------------------------------------------
                                       slack                                 -0.165

Slack (VIOLATED) :        -0.165ns  (required time - arrival time)
  Source:                 subsystem/frost_processor/cpu_and_memory_subsystem/instruction_memory/memory_even_sideband_reg_9/CLKBWRCLK
                            (rising edge-triggered cell RAMB36E2 clocked by clock_from_mmcm  {rise@0.000ns fall@1.551ns period=3.103ns})
  Destination:            subsystem/frost_processor/cpu_and_memory_subsystem/cpu_inst/pd_stage_inst/o_from_pd_to_id_reg[instruction][source_reg_2][2]/D
                            (rising edge-triggered cell FDRE clocked by clock_from_mmcm  {rise@0.000ns fall@1.551ns period=3.103ns})
  Path Group:             clock_from_mmcm
  Path Type:              Setup (Max at Slow Process Corner)
  Requirement:            3.103ns  (clock_from_mmcm rise@3.103ns - clock_from_mmcm rise@0.000ns)
  Data Path Delay:        2.944ns  (logic 1.129ns (38.349%)  route 1.815ns (61.651%))
  Logic Levels:           4  (LUT3=1 LUT5=1 LUT6=2)
  Clock Path Skew:        -0.301ns (DCD - SCD + CPR)
    Destination Clock Delay (DCD):    2.744ns = ( 5.847 - 3.103 )
    Source Clock Delay      (SCD):    3.188ns
    Clock Pessimism Removal (CPR):    0.143ns
  Clock Uncertainty:      0.046ns  ((TSJ^2 + DJ^2)^1/2) / 2 + PE + UU
    Total System Jitter     (TSJ):    0.071ns
    Discrete Jitter          (DJ):    0.060ns
    Phase Error              (PE):    0.000ns
    User Uncertainty         (UU):    0.000ns
  Clock Net Delay (Source):      2.993ns (routing 1.274ns, distribution 1.719ns)
  Clock Net Delay (Destination): 2.569ns (routing 1.166ns, distribution 1.403ns)

    Pin Reuse     Location             Delay type                Incr(ns)  Path(ns)    Netlist Resource(s)
  ---------------------------------------------------------------------------------    -------------------
                                       (clock clock_from_mmcm rise edge)
                                                                    0.000     0.000 r
                  GTYE4_CHANNEL_X0Y29  GTYE4_CHANNEL                0.000     0.000 r  gen_gty_cpu_clock.cpu_clock_source/u_wiz/inst/gen_gtwizard_gtye4_top.x3_cpu_clock_gty_wiz_gtwizard_gtye4_inst/gen_gtwizard_gtye4.gen_channel_container[7].gen_enabled_channel.gtye4_channel_wrapper_inst/channel_inst/gtye4_channel_gen.gen_gtye4_channel_inst[0].GTYE4_CHANNEL_PRIM_INST/TXOUTCLK
                                       net (fo=4, estimated)        0.081     0.081    gen_gty_cpu_clock.cpu_clock_source/txoutclk
                  BUFG_GT_X0Y184                                                    r  gen_gty_cpu_clock.cpu_clock_source/gen_cpu_clocks.cpu_clock_buffer/I
                  BUFG_GT_X0Y184       BUFG_GT (Prop_BUFG_GT_I_O)
                                                                    0.114     0.195 r  gen_gty_cpu_clock.cpu_clock_source/gen_cpu_clocks.cpu_clock_buffer/O
                  X1Y9 (CLOCK_ROOT)    net (fo=82379, estimated)    2.993     3.188    subsystem/frost_processor/cpu_and_memory_subsystem/instruction_memory/o_clk
                  RAMB36_X1Y89         RAMB36E2                                     r  subsystem/frost_processor/cpu_and_memory_subsystem/instruction_memory/memory_even_sideband_reg_9/CLKBWRCLK
  ---------------------------------------------------------------------------------    -------------------
    Placement     RAMB36_X1Y89         RAMB36E2 (Prop_RAMB36E2_RAMB36_CLKBWRCLK_DOUTBDOUT[0])
                                                                    0.895     4.083 f  subsystem/frost_processor/cpu_and_memory_subsystem/instruction_memory/memory_even_sideband_reg_9/DOUTBDOUT[0]
                                       net (fo=2, estimated)        0.783     4.866    subsystem/frost_processor/cpu_and_memory_subsystem/instruction_memory/even_sideband_with_fast_metadata[18]
    Moved         SLICE_X22Y497                                                     f  subsystem/frost_processor/cpu_and_memory_subsystem/instruction_memory/bits24_20_predecoded_2_saved[2]_i_5/I1
    Moved         SLICE_X22Y497        LUT5 (Prop_A6LUT_SLICEL_I1_O)
                                                                    0.031     4.897 f  subsystem/frost_processor/cpu_and_memory_subsystem/instruction_memory/bits24_20_predecoded_2_saved[2]_i_5/O
                                       net (fo=2, estimated)        0.346     5.243    subsystem/frost_processor/cpu_and_memory_subsystem/cpu_inst/if_stage_inst/c_ext_state_inst/instruction_sideband[53]
    Placement     SLICE_X21Y524                                                     f  subsystem/frost_processor/cpu_and_memory_subsystem/cpu_inst/if_stage_inst/c_ext_state_inst/bits24_20_predecoded_saved[2]_i_4/I3
    Placement     SLICE_X21Y524        LUT6 (Prop_D6LUT_SLICEL_I3_O)
                                                                    0.089     5.332 f  subsystem/frost_processor/cpu_and_memory_subsystem/cpu_inst/if_stage_inst/c_ext_state_inst/bits24_20_predecoded_saved[2]_i_4/O
                                       net (fo=1, estimated)        0.245     5.577    subsystem/frost_processor/cpu_and_memory_subsystem/cpu_inst/if_stage_inst/c_ext_state_inst/bits24_20_predecoded_saved[2]_i_4_n_0
    Placement     SLICE_X25Y524                                                     f  subsystem/frost_processor/cpu_and_memory_subsystem/cpu_inst/if_stage_inst/c_ext_state_inst/bits24_20_predecoded_saved[2]_i_1/I5
    Placement     SLICE_X25Y524        LUT6 (Prop_H6LUT_SLICEL_I5_O)
                                                                    0.082     5.659 f  subsystem/frost_processor/cpu_and_memory_subsystem/cpu_inst/if_stage_inst/c_ext_state_inst/bits24_20_predecoded_saved[2]_i_1/O
                                       net (fo=2, estimated)        0.392     6.051    subsystem/frost_processor/cpu_and_memory_subsystem/cpu_inst/if_stage_inst/c_ext_state_inst/o_pc_reg_reg[1]_0[1]
    Placement     SLICE_X50Y524                                                     f  subsystem/frost_processor/cpu_and_memory_subsystem/cpu_inst/if_stage_inst/c_ext_state_inst/o_from_pd_to_id_reg[instruction][source_2][2]_i_1/I2
    Routing       SLICE_X50Y524        LUT3 (Prop_D6LUT_SLICEL_I2_O)
                                                                    0.032     6.083 f  subsystem/frost_processor/cpu_and_memory_subsystem/cpu_inst/if_stage_inst/c_ext_state_inst/o_from_pd_to_id_reg[instruction][source_2][2]_i_1/O
                                       net (fo=1, routed)           0.049     6.132    subsystem/frost_processor/cpu_and_memory_subsystem/cpu_inst/pd_stage_inst/o_from_pd_to_id_reg[instruction][source_reg_2][4]_3[2]
    Routing       SLICE_X50Y524        FDRE                                         f  subsystem/frost_processor/cpu_and_memory_subsystem/cpu_inst/pd_stage_inst/o_from_pd_to_id_reg[instruction][source_reg_2][2]/D
  ---------------------------------------------------------------------------------    -------------------

                                       (clock clock_from_mmcm rise edge)
                                                                    3.103     3.103 r
                  GTYE4_CHANNEL_X0Y29  GTYE4_CHANNEL                0.000     3.103 r  gen_gty_cpu_clock.cpu_clock_source/u_wiz/inst/gen_gtwizard_gtye4_top.x3_cpu_clock_gty_wiz_gtwizard_gtye4_inst/gen_gtwizard_gtye4.gen_channel_container[7].gen_enabled_channel.gtye4_channel_wrapper_inst/channel_inst/gtye4_channel_gen.gen_gtye4_channel_inst[0].GTYE4_CHANNEL_PRIM_INST/TXOUTCLK
                                       net (fo=4, estimated)        0.074     3.177    gen_gty_cpu_clock.cpu_clock_source/txoutclk
                  BUFG_GT_X0Y184                                                    r  gen_gty_cpu_clock.cpu_clock_source/gen_cpu_clocks.cpu_clock_buffer/I
                  BUFG_GT_X0Y184       BUFG_GT (Prop_BUFG_GT_I_O)
                                                                    0.101     3.278 r  gen_gty_cpu_clock.cpu_clock_source/gen_cpu_clocks.cpu_clock_buffer/O
                  X1Y9 (CLOCK_ROOT)    net (fo=82379, estimated)    2.569     5.847    subsystem/frost_processor/cpu_and_memory_subsystem/cpu_inst/pd_stage_inst/o_clk
                  SLICE_X50Y524        FDRE                                         r  subsystem/frost_processor/cpu_and_memory_subsystem/cpu_inst/pd_stage_inst/o_from_pd_to_id_reg[instruction][source_reg_2][2]/C
                                       clock pessimism              0.143     5.990
                                       clock uncertainty           -0.046     5.944
                  SLICE_X50Y524        FDRE (Setup_DFF_SLICEL_C_D)
                                                                    0.023     5.967    subsystem/frost_processor/cpu_and_memory_subsystem/cpu_inst/pd_stage_inst/o_from_pd_to_id_reg[instruction][source_reg_2][2]
  ---------------------------------------------------------------------------------
                                       required time                          5.967
                                       arrival time                          -6.132
  ---------------------------------------------------------------------------------
                                       slack                                 -0.165

Slack (VIOLATED) :        -0.143ns  (required time - arrival time)
  Source:                 subsystem/frost_processor/cpu_and_memory_subsystem/instruction_memory/memory_even_sideband_reg_9/CLKBWRCLK
                            (rising edge-triggered cell RAMB36E2 clocked by clock_from_mmcm  {rise@0.000ns fall@1.551ns period=3.103ns})
  Destination:            subsystem/frost_processor/cpu_and_memory_subsystem/cpu_inst/pd_stage_inst/o_from_pd_to_id_reg[instruction][source_reg_2][2]/D
                            (rising edge-triggered cell FDRE clocked by clock_from_mmcm  {rise@0.000ns fall@1.551ns period=3.103ns})
  Path Group:             clock_from_mmcm
  Path Type:              Setup (Max at Slow Process Corner)
  Requirement:            3.103ns  (clock_from_mmcm rise@3.103ns - clock_from_mmcm rise@0.000ns)
  Data Path Delay:        2.922ns  (logic 1.137ns (38.912%)  route 1.785ns (61.088%))
  Logic Levels:           4  (LUT3=1 LUT5=1 LUT6=2)
  Clock Path Skew:        -0.301ns (DCD - SCD + CPR)
    Destination Clock Delay (DCD):    2.744ns = ( 5.847 - 3.103 )
    Source Clock Delay      (SCD):    3.188ns
    Clock Pessimism Removal (CPR):    0.143ns
  Clock Uncertainty:      0.046ns  ((TSJ^2 + DJ^2)^1/2) / 2 + PE + UU
    Total System Jitter     (TSJ):    0.071ns
    Discrete Jitter          (DJ):    0.060ns
    Phase Error              (PE):    0.000ns
    User Uncertainty         (UU):    0.000ns
  Clock Net Delay (Source):      2.993ns (routing 1.274ns, distribution 1.719ns)
  Clock Net Delay (Destination): 2.569ns (routing 1.166ns, distribution 1.403ns)

    Pin Reuse     Location             Delay type                Incr(ns)  Path(ns)    Netlist Resource(s)
  ---------------------------------------------------------------------------------    -------------------
                                       (clock clock_from_mmcm rise edge)
                                                                    0.000     0.000 r
                  GTYE4_CHANNEL_X0Y29  GTYE4_CHANNEL                0.000     0.000 r  gen_gty_cpu_clock.cpu_clock_source/u_wiz/inst/gen_gtwizard_gtye4_top.x3_cpu_clock_gty_wiz_gtwizard_gtye4_inst/gen_gtwizard_gtye4.gen_channel_container[7].gen_enabled_channel.gtye4_channel_wrapper_inst/channel_inst/gtye4_channel_gen.gen_gtye4_channel_inst[0].GTYE4_CHANNEL_PRIM_INST/TXOUTCLK
                                       net (fo=4, estimated)        0.081     0.081    gen_gty_cpu_clock.cpu_clock_source/txoutclk
                  BUFG_GT_X0Y184                                                    r  gen_gty_cpu_clock.cpu_clock_source/gen_cpu_clocks.cpu_clock_buffer/I
                  BUFG_GT_X0Y184       BUFG_GT (Prop_BUFG_GT_I_O)
                                                                    0.114     0.195 r  gen_gty_cpu_clock.cpu_clock_source/gen_cpu_clocks.cpu_clock_buffer/O
                  X1Y9 (CLOCK_ROOT)    net (fo=82379, estimated)    2.993     3.188    subsystem/frost_processor/cpu_and_memory_subsystem/instruction_memory/o_clk
                  RAMB36_X1Y89         RAMB36E2                                     r  subsystem/frost_processor/cpu_and_memory_subsystem/instruction_memory/memory_even_sideband_reg_9/CLKBWRCLK
  ---------------------------------------------------------------------------------    -------------------
    Placement     RAMB36_X1Y89         RAMB36E2 (Prop_RAMB36E2_RAMB36_CLKBWRCLK_DOUTBDOUT[0])
                                                                    0.895     4.083 r  subsystem/frost_processor/cpu_and_memory_subsystem/instruction_memory/memory_even_sideband_reg_9/DOUTBDOUT[0]
                                       net (fo=2, estimated)        0.961     5.044    subsystem/frost_processor/cpu_and_memory_subsystem/instruction_memory/even_sideband_with_fast_metadata[18]
    Placement     SLICE_X21Y522                                                     r  subsystem/frost_processor/cpu_and_memory_subsystem/instruction_memory/bits24_20_predecoded_2_saved[2]_i_6/I3
    Placement     SLICE_X21Y522        LUT5 (Prop_A6LUT_SLICEL_I3_O)
                                                                    0.047     5.091 r  subsystem/frost_processor/cpu_and_memory_subsystem/instruction_memory/bits24_20_predecoded_2_saved[2]_i_6/O
                                       net (fo=2, estimated)        0.138     5.229    subsystem/frost_processor/cpu_and_memory_subsystem/cpu_inst/if_stage_inst/c_ext_state_inst/instruction_sideband[9]
    Placement     SLICE_X21Y524                                                     r  subsystem/frost_processor/cpu_and_memory_subsystem/cpu_inst/if_stage_inst/c_ext_state_inst/bits24_20_predecoded_saved[2]_i_4/I5
    Placement     SLICE_X21Y524        LUT6 (Prop_D6LUT_SLICEL_I5_O)
                                                                    0.081     5.310 r  subsystem/frost_processor/cpu_and_memory_subsystem/cpu_inst/if_stage_inst/c_ext_state_inst/bits24_20_predecoded_saved[2]_i_4/O
                                       net (fo=1, estimated)        0.245     5.555    subsystem/frost_processor/cpu_and_memory_subsystem/cpu_inst/if_stage_inst/c_ext_state_inst/bits24_20_predecoded_saved[2]_i_4_n_0
    Placement     SLICE_X25Y524                                                     r  subsystem/frost_processor/cpu_and_memory_subsystem/cpu_inst/if_stage_inst/c_ext_state_inst/bits24_20_predecoded_saved[2]_i_1/I5
    Placement     SLICE_X25Y524        LUT6 (Prop_H6LUT_SLICEL_I5_O)
                                                                    0.082     5.637 r  subsystem/frost_processor/cpu_and_memory_subsystem/cpu_inst/if_stage_inst/c_ext_state_inst/bits24_20_predecoded_saved[2]_i_1/O
                                       net (fo=2, estimated)        0.392     6.029    subsystem/frost_processor/cpu_and_memory_subsystem/cpu_inst/if_stage_inst/c_ext_state_inst/o_pc_reg_reg[1]_0[1]
    Placement     SLICE_X50Y524                                                     r  subsystem/frost_processor/cpu_and_memory_subsystem/cpu_inst/if_stage_inst/c_ext_state_inst/o_from_pd_to_id_reg[instruction][source_2][2]_i_1/I2
    Routing       SLICE_X50Y524        LUT3 (Prop_D6LUT_SLICEL_I2_O)
                                                                    0.032     6.061 r  subsystem/frost_processor/cpu_and_memory_subsystem/cpu_inst/if_stage_inst/c_ext_state_inst/o_from_pd_to_id_reg[instruction][source_2][2]_i_1/O
                                       net (fo=1, routed)           0.049     6.110    subsystem/frost_processor/cpu_and_memory_subsystem/cpu_inst/pd_stage_inst/o_from_pd_to_id_reg[instruction][source_reg_2][4]_3[2]
    Routing       SLICE_X50Y524        FDRE                                         r  subsystem/frost_processor/cpu_and_memory_subsystem/cpu_inst/pd_stage_inst/o_from_pd_to_id_reg[instruction][source_reg_2][2]/D
  ---------------------------------------------------------------------------------    -------------------

                                       (clock clock_from_mmcm rise edge)
                                                                    3.103     3.103 r
                  GTYE4_CHANNEL_X0Y29  GTYE4_CHANNEL                0.000     3.103 r  gen_gty_cpu_clock.cpu_clock_source/u_wiz/inst/gen_gtwizard_gtye4_top.x3_cpu_clock_gty_wiz_gtwizard_gtye4_inst/gen_gtwizard_gtye4.gen_channel_container[7].gen_enabled_channel.gtye4_channel_wrapper_inst/channel_inst/gtye4_channel_gen.gen_gtye4_channel_inst[0].GTYE4_CHANNEL_PRIM_INST/TXOUTCLK
                                       net (fo=4, estimated)        0.074     3.177    gen_gty_cpu_clock.cpu_clock_source/txoutclk
                  BUFG_GT_X0Y184                                                    r  gen_gty_cpu_clock.cpu_clock_source/gen_cpu_clocks.cpu_clock_buffer/I
                  BUFG_GT_X0Y184       BUFG_GT (Prop_BUFG_GT_I_O)
                                                                    0.101     3.278 r  gen_gty_cpu_clock.cpu_clock_source/gen_cpu_clocks.cpu_clock_buffer/O
                  X1Y9 (CLOCK_ROOT)    net (fo=82379, estimated)    2.569     5.847    subsystem/frost_processor/cpu_and_memory_subsystem/cpu_inst/pd_stage_inst/o_clk
                  SLICE_X50Y524        FDRE                                         r  subsystem/frost_processor/cpu_and_memory_subsystem/cpu_inst/pd_stage_inst/o_from_pd_to_id_reg[instruction][source_reg_2][2]/C
                                       clock pessimism              0.143     5.990
                                       clock uncertainty           -0.046     5.944
                  SLICE_X50Y524        FDRE (Setup_DFF_SLICEL_C_D)
                                                                    0.023     5.967    subsystem/frost_processor/cpu_and_memory_subsystem/cpu_inst/pd_stage_inst/o_from_pd_to_id_reg[instruction][source_reg_2][2]
  ---------------------------------------------------------------------------------
                                       required time                          5.967
                                       arrival time                          -6.110
  ---------------------------------------------------------------------------------
                                       slack                                 -0.143

Slack (VIOLATED) :        -0.143ns  (required time - arrival time)
  Source:                 subsystem/frost_processor/cpu_and_memory_subsystem/instruction_memory/memory_even_sideband_reg_9/CLKBWRCLK
                            (rising edge-triggered cell RAMB36E2 clocked by clock_from_mmcm  {rise@0.000ns fall@1.551ns period=3.103ns})
  Destination:            subsystem/frost_processor/cpu_and_memory_subsystem/cpu_inst/pd_stage_inst/o_from_pd_to_id_reg[instruction][source_reg_2][2]/D
                            (rising edge-triggered cell FDRE clocked by clock_from_mmcm  {rise@0.000ns fall@1.551ns period=3.103ns})
  Path Group:             clock_from_mmcm
  Path Type:              Setup (Max at Slow Process Corner)
  Requirement:            3.103ns  (clock_from_mmcm rise@3.103ns - clock_from_mmcm rise@0.000ns)
  Data Path Delay:        2.922ns  (logic 1.137ns (38.912%)  route 1.785ns (61.088%))
  Logic Levels:           4  (LUT3=1 LUT5=1 LUT6=2)
  Clock Path Skew:        -0.301ns (DCD - SCD + CPR)
    Destination Clock Delay (DCD):    2.744ns = ( 5.847 - 3.103 )
    Source Clock Delay      (SCD):    3.188ns
    Clock Pessimism Removal (CPR):    0.143ns
  Clock Uncertainty:      0.046ns  ((TSJ^2 + DJ^2)^1/2) / 2 + PE + UU
    Total System Jitter     (TSJ):    0.071ns
    Discrete Jitter          (DJ):    0.060ns
    Phase Error              (PE):    0.000ns
    User Uncertainty         (UU):    0.000ns
  Clock Net Delay (Source):      2.993ns (routing 1.274ns, distribution 1.719ns)
  Clock Net Delay (Destination): 2.569ns (routing 1.166ns, distribution 1.403ns)

    Pin Reuse     Location             Delay type                Incr(ns)  Path(ns)    Netlist Resource(s)
  ---------------------------------------------------------------------------------    -------------------
                                       (clock clock_from_mmcm rise edge)
                                                                    0.000     0.000 r
                  GTYE4_CHANNEL_X0Y29  GTYE4_CHANNEL                0.000     0.000 r  gen_gty_cpu_clock.cpu_clock_source/u_wiz/inst/gen_gtwizard_gtye4_top.x3_cpu_clock_gty_wiz_gtwizard_gtye4_inst/gen_gtwizard_gtye4.gen_channel_container[7].gen_enabled_channel.gtye4_channel_wrapper_inst/channel_inst/gtye4_channel_gen.gen_gtye4_channel_inst[0].GTYE4_CHANNEL_PRIM_INST/TXOUTCLK
                                       net (fo=4, estimated)        0.081     0.081    gen_gty_cpu_clock.cpu_clock_source/txoutclk
                  BUFG_GT_X0Y184                                                    r  gen_gty_cpu_clock.cpu_clock_source/gen_cpu_clocks.cpu_clock_buffer/I
                  BUFG_GT_X0Y184       BUFG_GT (Prop_BUFG_GT_I_O)
                                                                    0.114     0.195 r  gen_gty_cpu_clock.cpu_clock_source/gen_cpu_clocks.cpu_clock_buffer/O
                  X1Y9 (CLOCK_ROOT)    net (fo=82379, estimated)    2.993     3.188    subsystem/frost_processor/cpu_and_memory_subsystem/instruction_memory/o_clk
                  RAMB36_X1Y89         RAMB36E2                                     r  subsystem/frost_processor/cpu_and_memory_subsystem/instruction_memory/memory_even_sideband_reg_9/CLKBWRCLK
  ---------------------------------------------------------------------------------    -------------------
    Placement     RAMB36_X1Y89         RAMB36E2 (Prop_RAMB36E2_RAMB36_CLKBWRCLK_DOUTBDOUT[0])
                                                                    0.895     4.083 f  subsystem/frost_processor/cpu_and_memory_subsystem/instruction_memory/memory_even_sideband_reg_9/DOUTBDOUT[0]
                                       net (fo=2, estimated)        0.961     5.044    subsystem/frost_processor/cpu_and_memory_subsystem/instruction_memory/even_sideband_with_fast_metadata[18]
    Placement     SLICE_X21Y522                                                     f  subsystem/frost_processor/cpu_and_memory_subsystem/instruction_memory/bits24_20_predecoded_2_saved[2]_i_6/I3
    Placement     SLICE_X21Y522        LUT5 (Prop_A6LUT_SLICEL_I3_O)
                                                                    0.047     5.091 f  subsystem/frost_processor/cpu_and_memory_subsystem/instruction_memory/bits24_20_predecoded_2_saved[2]_i_6/O
                                       net (fo=2, estimated)        0.138     5.229    subsystem/frost_processor/cpu_and_memory_subsystem/cpu_inst/if_stage_inst/c_ext_state_inst/instruction_sideband[9]
    Placement     SLICE_X21Y524                                                     f  subsystem/frost_processor/cpu_and_memory_subsystem/cpu_inst/if_stage_inst/c_ext_state_inst/bits24_20_predecoded_saved[2]_i_4/I5
    Placement     SLICE_X21Y524        LUT6 (Prop_D6LUT_SLICEL_I5_O)
                                                                    0.081     5.310 f  subsystem/frost_processor/cpu_and_memory_subsystem/cpu_inst/if_stage_inst/c_ext_state_inst/bits24_20_predecoded_saved[2]_i_4/O
                                       net (fo=1, estimated)        0.245     5.555    subsystem/frost_processor/cpu_and_memory_subsystem/cpu_inst/if_stage_inst/c_ext_state_inst/bits24_20_predecoded_saved[2]_i_4_n_0
    Placement     SLICE_X25Y524                                                     f  subsystem/frost_processor/cpu_and_memory_subsystem/cpu_inst/if_stage_inst/c_ext_state_inst/bits24_20_predecoded_saved[2]_i_1/I5
    Placement     SLICE_X25Y524        LUT6 (Prop_H6LUT_SLICEL_I5_O)
                                                                    0.082     5.637 f  subsystem/frost_processor/cpu_and_memory_subsystem/cpu_inst/if_stage_inst/c_ext_state_inst/bits24_20_predecoded_saved[2]_i_1/O
                                       net (fo=2, estimated)        0.392     6.029    subsystem/frost_processor/cpu_and_memory_subsystem/cpu_inst/if_stage_inst/c_ext_state_inst/o_pc_reg_reg[1]_0[1]
    Placement     SLICE_X50Y524                                                     f  subsystem/frost_processor/cpu_and_memory_subsystem/cpu_inst/if_stage_inst/c_ext_state_inst/o_from_pd_to_id_reg[instruction][source_2][2]_i_1/I2
    Routing       SLICE_X50Y524        LUT3 (Prop_D6LUT_SLICEL_I2_O)
                                                                    0.032     6.061 f  subsystem/frost_processor/cpu_and_memory_subsystem/cpu_inst/if_stage_inst/c_ext_state_inst/o_from_pd_to_id_reg[instruction][source_2][2]_i_1/O
                                       net (fo=1, routed)           0.049     6.110    subsystem/frost_processor/cpu_and_memory_subsystem/cpu_inst/pd_stage_inst/o_from_pd_to_id_reg[instruction][source_reg_2][4]_3[2]
    Routing       SLICE_X50Y524        FDRE                                         f  subsystem/frost_processor/cpu_and_memory_subsystem/cpu_inst/pd_stage_inst/o_from_pd_to_id_reg[instruction][source_reg_2][2]/D
  ---------------------------------------------------------------------------------    -------------------

                                       (clock clock_from_mmcm rise edge)
                                                                    3.103     3.103 r
                  GTYE4_CHANNEL_X0Y29  GTYE4_CHANNEL                0.000     3.103 r  gen_gty_cpu_clock.cpu_clock_source/u_wiz/inst/gen_gtwizard_gtye4_top.x3_cpu_clock_gty_wiz_gtwizard_gtye4_inst/gen_gtwizard_gtye4.gen_channel_container[7].gen_enabled_channel.gtye4_channel_wrapper_inst/channel_inst/gtye4_channel_gen.gen_gtye4_channel_inst[0].GTYE4_CHANNEL_PRIM_INST/TXOUTCLK
                                       net (fo=4, estimated)        0.074     3.177    gen_gty_cpu_clock.cpu_clock_source/txoutclk
                  BUFG_GT_X0Y184                                                    r  gen_gty_cpu_clock.cpu_clock_source/gen_cpu_clocks.cpu_clock_buffer/I
                  BUFG_GT_X0Y184       BUFG_GT (Prop_BUFG_GT_I_O)
                                                                    0.101     3.278 r  gen_gty_cpu_clock.cpu_clock_source/gen_cpu_clocks.cpu_clock_buffer/O
                  X1Y9 (CLOCK_ROOT)    net (fo=82379, estimated)    2.569     5.847    subsystem/frost_processor/cpu_and_memory_subsystem/cpu_inst/pd_stage_inst/o_clk
                  SLICE_X50Y524        FDRE                                         r  subsystem/frost_processor/cpu_and_memory_subsystem/cpu_inst/pd_stage_inst/o_from_pd_to_id_reg[instruction][source_reg_2][2]/C
                                       clock pessimism              0.143     5.990
                                       clock uncertainty           -0.046     5.944
                  SLICE_X50Y524        FDRE (Setup_DFF_SLICEL_C_D)
                                                                    0.023     5.967    subsystem/frost_processor/cpu_and_memory_subsystem/cpu_inst/pd_stage_inst/o_from_pd_to_id_reg[instruction][source_reg_2][2]
  ---------------------------------------------------------------------------------
                                       required time                          5.967
                                       arrival time                          -6.110
  ---------------------------------------------------------------------------------
                                       slack                                 -0.143

Slack (VIOLATED) :        -0.081ns  (required time - arrival time)
  Source:                 subsystem/frost_processor/cpu_and_memory_subsystem/instruction_memory/memory_odd_cold_reg_9/CLKBWRCLK
                            (rising edge-triggered cell RAMB36E2 clocked by clock_from_mmcm  {rise@0.000ns fall@1.551ns period=3.103ns})
  Destination:            subsystem/frost_processor/cpu_and_memory_subsystem/cpu_inst/pd_stage_inst/o_from_pd_to_id_reg[instruction][source_reg_2][2]/D
                            (rising edge-triggered cell FDRE clocked by clock_from_mmcm  {rise@0.000ns fall@1.551ns period=3.103ns})
  Path Group:             clock_from_mmcm
  Path Type:              Setup (Max at Slow Process Corner)
  Requirement:            3.103ns  (clock_from_mmcm rise@3.103ns - clock_from_mmcm rise@0.000ns)
  Data Path Delay:        2.940ns  (logic 1.090ns (37.075%)  route 1.850ns (62.925%))
  Logic Levels:           3  (LUT3=1 LUT6=2)
  Clock Path Skew:        -0.221ns (DCD - SCD + CPR)
    Destination Clock Delay (DCD):    2.744ns = ( 5.847 - 3.103 )
    Source Clock Delay      (SCD):    3.093ns
    Clock Pessimism Removal (CPR):    0.128ns
  Clock Uncertainty:      0.046ns  ((TSJ^2 + DJ^2)^1/2) / 2 + PE + UU
    Total System Jitter     (TSJ):    0.071ns
    Discrete Jitter          (DJ):    0.060ns
    Phase Error              (PE):    0.000ns
    User Uncertainty         (UU):    0.000ns
  Clock Net Delay (Source):      2.898ns (routing 1.274ns, distribution 1.624ns)
  Clock Net Delay (Destination): 2.569ns (routing 1.166ns, distribution 1.403ns)

    Pin Reuse     Location             Delay type                Incr(ns)  Path(ns)    Netlist Resource(s)
  ---------------------------------------------------------------------------------    -------------------
                                       (clock clock_from_mmcm rise edge)
                                                                    0.000     0.000 r
                  GTYE4_CHANNEL_X0Y29  GTYE4_CHANNEL                0.000     0.000 r  gen_gty_cpu_clock.cpu_clock_source/u_wiz/inst/gen_gtwizard_gtye4_top.x3_cpu_clock_gty_wiz_gtwizard_gtye4_inst/gen_gtwizard_gtye4.gen_channel_container[7].gen_enabled_channel.gtye4_channel_wrapper_inst/channel_inst/gtye4_channel_gen.gen_gtye4_channel_inst[0].GTYE4_CHANNEL_PRIM_INST/TXOUTCLK
                                       net (fo=4, estimated)        0.081     0.081    gen_gty_cpu_clock.cpu_clock_source/txoutclk
                  BUFG_GT_X0Y184                                                    r  gen_gty_cpu_clock.cpu_clock_source/gen_cpu_clocks.cpu_clock_buffer/I
                  BUFG_GT_X0Y184       BUFG_GT (Prop_BUFG_GT_I_O)
                                                                    0.114     0.195 r  gen_gty_cpu_clock.cpu_clock_source/gen_cpu_clocks.cpu_clock_buffer/O
                  X1Y9 (CLOCK_ROOT)    net (fo=82379, estimated)    2.898     3.093    subsystem/frost_processor/cpu_and_memory_subsystem/instruction_memory/o_clk
                  RAMB36_X3Y115        RAMB36E2                                     r  subsystem/frost_processor/cpu_and_memory_subsystem/instruction_memory/memory_odd_cold_reg_9/CLKBWRCLK
  ---------------------------------------------------------------------------------    -------------------
    Placement     RAMB36_X3Y115        RAMB36E2 (Prop_RAMB36E2_RAMB36_CLKBWRCLK_DOUTBDOUT[0])
                                                                    0.895     3.988 r  subsystem/frost_processor/cpu_and_memory_subsystem/instruction_memory/memory_odd_cold_reg_9/DOUTBDOUT[0]
                                       net (fo=8, estimated)        1.059     5.047    subsystem/frost_processor/cpu_and_memory_subsystem/cpu_inst/if_stage_inst/instruction_aligner_inst/bram_fetch_instr_by_parity[54]
    Placement     SLICE_X22Y528                                                     r  subsystem/frost_processor/cpu_and_memory_subsystem/cpu_inst/if_stage_inst/instruction_aligner_inst/u_pd_target_compressed_candidate_i_10/I3
    Placement     SLICE_X22Y528        LUT6 (Prop_H6LUT_SLICEL_I3_O)
                                                                    0.114     5.161 r  subsystem/frost_processor/cpu_and_memory_subsystem/cpu_inst/if_stage_inst/instruction_aligner_inst/u_pd_target_compressed_candidate_i_10/O
                                       net (fo=5, estimated)        0.350     5.511    subsystem/frost_processor/cpu_and_memory_subsystem/cpu_inst/if_stage_inst/c_ext_state_inst/effective_instr[15]
    Placement     SLICE_X25Y524                                                     r  subsystem/frost_processor/cpu_and_memory_subsystem/cpu_inst/if_stage_inst/c_ext_state_inst/bits24_20_predecoded_saved[2]_i_1/I2
    Placement     SLICE_X25Y524        LUT6 (Prop_H6LUT_SLICEL_I2_O)
                                                                    0.049     5.560 r  subsystem/frost_processor/cpu_and_memory_subsystem/cpu_inst/if_stage_inst/c_ext_state_inst/bits24_20_predecoded_saved[2]_i_1/O
                                       net (fo=2, estimated)        0.392     5.952    subsystem/frost_processor/cpu_and_memory_subsystem/cpu_inst/if_stage_inst/c_ext_state_inst/o_pc_reg_reg[1]_0[1]
    Placement     SLICE_X50Y524                                                     r  subsystem/frost_processor/cpu_and_memory_subsystem/cpu_inst/if_stage_inst/c_ext_state_inst/o_from_pd_to_id_reg[instruction][source_2][2]_i_1/I2
    Routing       SLICE_X50Y524        LUT3 (Prop_D6LUT_SLICEL_I2_O)
                                                                    0.032     5.984 r  subsystem/frost_processor/cpu_and_memory_subsystem/cpu_inst/if_stage_inst/c_ext_state_inst/o_from_pd_to_id_reg[instruction][source_2][2]_i_1/O
                                       net (fo=1, routed)           0.049     6.033    subsystem/frost_processor/cpu_and_memory_subsystem/cpu_inst/pd_stage_inst/o_from_pd_to_id_reg[instruction][source_reg_2][4]_3[2]
    Routing       SLICE_X50Y524        FDRE                                         r  subsystem/frost_processor/cpu_and_memory_subsystem/cpu_inst/pd_stage_inst/o_from_pd_to_id_reg[instruction][source_reg_2][2]/D
  ---------------------------------------------------------------------------------    -------------------

                                       (clock clock_from_mmcm rise edge)
                                                                    3.103     3.103 r
                  GTYE4_CHANNEL_X0Y29  GTYE4_CHANNEL                0.000     3.103 r  gen_gty_cpu_clock.cpu_clock_source/u_wiz/inst/gen_gtwizard_gtye4_top.x3_cpu_clock_gty_wiz_gtwizard_gtye4_inst/gen_gtwizard_gtye4.gen_channel_container[7].gen_enabled_channel.gtye4_channel_wrapper_inst/channel_inst/gtye4_channel_gen.gen_gtye4_channel_inst[0].GTYE4_CHANNEL_PRIM_INST/TXOUTCLK
                                       net (fo=4, estimated)        0.074     3.177    gen_gty_cpu_clock.cpu_clock_source/txoutclk
                  BUFG_GT_X0Y184                                                    r  gen_gty_cpu_clock.cpu_clock_source/gen_cpu_clocks.cpu_clock_buffer/I
                  BUFG_GT_X0Y184       BUFG_GT (Prop_BUFG_GT_I_O)
                                                                    0.101     3.278 r  gen_gty_cpu_clock.cpu_clock_source/gen_cpu_clocks.cpu_clock_buffer/O
                  X1Y9 (CLOCK_ROOT)    net (fo=82379, estimated)    2.569     5.847    subsystem/frost_processor/cpu_and_memory_subsystem/cpu_inst/pd_stage_inst/o_clk
                  SLICE_X50Y524        FDRE                                         r  subsystem/frost_processor/cpu_and_memory_subsystem/cpu_inst/pd_stage_inst/o_from_pd_to_id_reg[instruction][source_reg_2][2]/C
                                       clock pessimism              0.128     5.975
                                       clock uncertainty           -0.046     5.929
                  SLICE_X50Y524        FDRE (Setup_DFF_SLICEL_C_D)
                                                                    0.023     5.952    subsystem/frost_processor/cpu_and_memory_subsystem/cpu_inst/pd_stage_inst/o_from_pd_to_id_reg[instruction][source_reg_2][2]
  ---------------------------------------------------------------------------------
                                       required time                          5.952
                                       arrival time                          -6.033
  ---------------------------------------------------------------------------------
                                       slack                                 -0.081
